// Vitest Snapshot v1, https://vitest.dev/guide/snapshot.html

exports[`generateElementCsp > frameAncestors override 1`] = `"default-src 'none'; script-src 'self'; style-src 'self'; img-src 'self' data: blob:; font-src 'self'; media-src 'self'; connect-src 'none'; object-src 'none'; frame-src 'none'; worker-src 'none'; manifest-src 'none'; base-uri 'none'; form-action 'none'; frame-ancestors https://desk.heir.es"`;

exports[`generateElementCsp > multi-endpoint manifest 1`] = `"default-src 'none'; script-src 'self'; style-src 'self'; img-src 'self' data: blob:; font-src 'self'; media-src 'self'; connect-src https://api.example.com https://telemetry.example.net; object-src 'none'; frame-src 'none'; worker-src 'none'; manifest-src 'none'; base-uri 'none'; form-action 'none'; frame-ancestors 'none'"`;

exports[`generateElementCsp > zero-endpoint manifest 1`] = `"default-src 'none'; script-src 'self'; style-src 'self'; img-src 'self' data: blob:; font-src 'self'; media-src 'self'; connect-src 'none'; object-src 'none'; frame-src 'none'; worker-src 'none'; manifest-src 'none'; base-uri 'none'; form-action 'none'; frame-ancestors 'none'"`;
